1	a-food-affair-los-angeles	photos/restaurants/a-food-affair-los-angeles/2QmhT9JO4mghJLACtNwqkA.jpg
2	a-food-affair-los-angeles	photos/restaurants/a-food-affair-los-angeles/38De3H9eiTu6QJgtRXjmHw.jpg
3	a-food-affair-los-angeles	photos/restaurants/a-food-affair-los-angeles/56IH3sJRNS8AIIyFz0vbJA.jpg
4	a-food-affair-los-angeles	photos/restaurants/a-food-affair-los-angeles/6bTft4Vk-4aKYCaLCnj1WA.jpg
5	a-food-affair-los-angeles	photos/restaurants/a-food-affair-los-angeles/9vhVAdqI_TrvRheQKH2IBQ.jpg
6	a-food-affair-los-angeles	photos/restaurants/a-food-affair-los-angeles/Bm6kZKGoc_4eX5p5l4O3aA.jpg
7	a-food-affair-los-angeles	photos/restaurants/a-food-affair-los-angeles/CWJgfrq7J3OR_q31EHN3HA.jpg
8	a-food-affair-los-angeles	photos/restaurants/a-food-affair-los-angeles/EnqyambpCTdQleuOr75aIg.jpg
9	a-food-affair-los-angeles	photos/restaurants/a-food-affair-los-angeles/H8J1aOtJuFIP_dV7Q-hm-Q.jpg
10	a-food-affair-los-angeles	photos/restaurants/a-food-affair-los-angeles/HmpzeSoEivmP7mWtc1P2JQ.jpg
11	a-food-affair-los-angeles	photos/restaurants/a-food-affair-los-angeles/IZ4iqGPU7gBr0cHP1vHdmg.jpg
12	a-food-affair-los-angeles	photos/restaurants/a-food-affair-los-angeles/ImDJEQGlTjo4sr9hTFB3RQ.jpg
13	a-food-affair-los-angeles	photos/restaurants/a-food-affair-los-angeles/JZ2UBjC0D6r4eOCFpitu0A.jpg
14	a-food-affair-los-angeles	photos/restaurants/a-food-affair-los-angeles/R0XjXZw5P2Q_30cnau_k_w.jpg
15	a-food-affair-los-angeles	photos/restaurants/a-food-affair-los-angeles/RK6F6_P6sQ-lR0HwIESfDA.jpg
16	a-food-affair-los-angeles	photos/restaurants/a-food-affair-los-angeles/Rk38pwiCPDHU39LlwGYp_w.jpg
17	a-food-affair-los-angeles	photos/restaurants/a-food-affair-los-angeles/Wfv2-acN9EhNHk9LrdNsig.jpg
18	a-food-affair-los-angeles	photos/restaurants/a-food-affair-los-angeles/YVEKcckEr1SKMn3PGSNqWw.jpg
19	a-food-affair-los-angeles	photos/restaurants/a-food-affair-los-angeles/_nyLn8aF6QmnEvFncA8P2w.jpg
20	a-food-affair-los-angeles	photos/restaurants/a-food-affair-los-angeles/cVJOlysb5k9xqY5pjYLUIQ.jpg
21	a-food-affair-los-angeles	photos/restaurants/a-food-affair-los-angeles/dM7yBgCM2r4aOXYUPaA9yQ.jpg
22	a-food-affair-los-angeles	photos/restaurants/a-food-affair-los-angeles/etvBQKoRaJoRQzqojmlypg.jpg
23	a-food-affair-los-angeles	photos/restaurants/a-food-affair-los-angeles/gzNJRJYa8ihlZpU3zMQYrQ.jpg
24	a-food-affair-los-angeles	photos/restaurants/a-food-affair-los-angeles/hvDZ9qHISFtHUmtr7P2Fbg.jpg
25	a-food-affair-los-angeles	photos/restaurants/a-food-affair-los-angeles/klRxyoZMcrf-aTIH_YtBHA.jpg
26	a-food-affair-los-angeles	photos/restaurants/a-food-affair-los-angeles/r9_KLfFLq0jBXcH8OV_HWA.jpg
27	a-food-affair-los-angeles	photos/restaurants/a-food-affair-los-angeles/sfQz5RnnhC_q7N-I64259A.jpg
28	a-food-affair-los-angeles	photos/restaurants/a-food-affair-los-angeles/uITDzxgI6MhSqwSES8W8VA.jpg
29	a-food-affair-los-angeles	photos/restaurants/a-food-affair-los-angeles/v4P2q0cC5x8eD8QEbRd9Eg.jpg
30	a-food-affair-los-angeles	photos/restaurants/a-food-affair-los-angeles/w2hk7NrT_xB0SUs6fF_ZCQ.jpg
31	animal-los-angeles	photos/restaurants/animal-los-angeles/3ZNVo6FZmfeAGdu54o8Kbw.jpg
32	animal-los-angeles	photos/restaurants/animal-los-angeles/4iWMDKoYV2xdf5xY1nxeNg.jpg
33	animal-los-angeles	photos/restaurants/animal-los-angeles/64bq-CRnmPpZvzY0r4zNKw.jpg
34	animal-los-angeles	photos/restaurants/animal-los-angeles/7txUCuSicW7FGClWHMubjw.jpg
35	animal-los-angeles	photos/restaurants/animal-los-angeles/AZvaejnPini9JVwjT_-qXA.jpg
36	animal-los-angeles	photos/restaurants/animal-los-angeles/CUf4m3Cm6FzEK6LDVtazAQ.jpg
37	animal-los-angeles	photos/restaurants/animal-los-angeles/CnfXJOV68KM2CrKx3x8WDA.jpg
38	animal-los-angeles	photos/restaurants/animal-los-angeles/DR-LbfMPg6d2rMxHQ8Hw8w.jpg
39	animal-los-angeles	photos/restaurants/animal-los-angeles/IHqF5JUz3UdY2wj8KHfgFQ.jpg
40	animal-los-angeles	photos/restaurants/animal-los-angeles/IMKk6nkaxac5wFWgLPQ6ZQ.jpg
41	animal-los-angeles	photos/restaurants/animal-los-angeles/KB4WHq3zSlzwCwyms4yRqg.jpg
42	animal-los-angeles	photos/restaurants/animal-los-angeles/Lf4srfiixy9-zWlHxHYkrg.jpg
43	animal-los-angeles	photos/restaurants/animal-los-angeles/P3K-3OEZlDQa4Ab4wVx5Fg.jpg
44	animal-los-angeles	photos/restaurants/animal-los-angeles/PnSMt49Kuxs9JxYAGXnAyA.jpg
45	animal-los-angeles	photos/restaurants/animal-los-angeles/TGNDXtNbe9vnIp0GVJYNRg.jpg
46	animal-los-angeles	photos/restaurants/animal-los-angeles/UsL2scucI09QOE82dFeCAg.jpg
47	animal-los-angeles	photos/restaurants/animal-los-angeles/VUiCI4Sl1hz-ZmiPwKL_vw.jpg
48	animal-los-angeles	photos/restaurants/animal-los-angeles/aPOzJZO_zV4WrTEozh6x0w.jpg
49	animal-los-angeles	photos/restaurants/animal-los-angeles/ccon6dIvB_T2SG1qlme1tg.jpg
50	animal-los-angeles	photos/restaurants/animal-los-angeles/fuOwJPVxUy4JpsDJ4yRovg.jpg
51	animal-los-angeles	photos/restaurants/animal-los-angeles/h7TjQFpvQXVfdGjakDDW2Q.jpg
52	animal-los-angeles	photos/restaurants/animal-los-angeles/iDMht0MSUlJFopy7UO1OFg.jpg
53	animal-los-angeles	photos/restaurants/animal-los-angeles/nzS9xZNvFv6DhuQhcM1D3A.jpg
54	animal-los-angeles	photos/restaurants/animal-los-angeles/pIkdwa1waIgQ2vgJ0syVhw.jpg
55	animal-los-angeles	photos/restaurants/animal-los-angeles/qlxLZzGoufenURW01HdRHQ.jpg
56	animal-los-angeles	photos/restaurants/animal-los-angeles/rLetIiWrzoRfP1-GFc29Vg.jpg
57	animal-los-angeles	photos/restaurants/animal-los-angeles/wKN_p4aAsW98nfEraLnbQw.jpg
58	animal-los-angeles	photos/restaurants/animal-los-angeles/wk7V9iQQbwJcXsOg3JpZXw.jpg
59	animal-los-angeles	photos/restaurants/animal-los-angeles/yf1EQYqdOzz5bJHq04ephg.jpg
60	animal-los-angeles	photos/restaurants/animal-los-angeles/zCFylP80fdXz6EAJzQJ8IA.jpg
61	bestia-los-angeles	photos/restaurants/bestia-los-angeles/2qZHshAOHh86vSP6sfruMQ.jpg
62	bestia-los-angeles	photos/restaurants/bestia-los-angeles/2sjPOP8xLHH2c9Mfg2c7fQ.jpg
63	bestia-los-angeles	photos/restaurants/bestia-los-angeles/3nt5u1k8zcLT7wP7NcezCw.jpg
64	bestia-los-angeles	photos/restaurants/bestia-los-angeles/59tdKxGcSs0gEvdhNa3JTg.jpg
65	bestia-los-angeles	photos/restaurants/bestia-los-angeles/7DRvj7sNybLV-FVVIsw6og.jpg
66	bestia-los-angeles	photos/restaurants/bestia-los-angeles/DNyDL1ZnGkMcTBsNwfoZCA.jpg
67	bestia-los-angeles	photos/restaurants/bestia-los-angeles/FCx-je52maqsMqmTugiOEw.jpg
68	bestia-los-angeles	photos/restaurants/bestia-los-angeles/H8mJ05XJoYtDv4jgHDotKA.jpg
69	bestia-los-angeles	photos/restaurants/bestia-los-angeles/HeQgbqtMOpjsVqMCNEauKw.jpg
70	bestia-los-angeles	photos/restaurants/bestia-los-angeles/KuLzVIlZaNDuqydCkXvrMA.jpg
71	bestia-los-angeles	photos/restaurants/bestia-los-angeles/QnCx4vQRvvG4TlevZ0rphw.jpg
72	bestia-los-angeles	photos/restaurants/bestia-los-angeles/SgqusdzE3gW1oeeuVLVNgw.jpg
73	bestia-los-angeles	photos/restaurants/bestia-los-angeles/UTR5V4X19qHbs4IGR0mHng.jpg
74	bestia-los-angeles	photos/restaurants/bestia-los-angeles/UYkMQZdBFWYoZke35X3omg.jpg
75	bestia-los-angeles	photos/restaurants/bestia-los-angeles/aZl9EFBu0lGvd48cB5t2Qg.jpg
76	bestia-los-angeles	photos/restaurants/bestia-los-angeles/eInd9FQmfZ8o1sKa3H_SwA.jpg
77	bestia-los-angeles	photos/restaurants/bestia-los-angeles/fJp6BUEckNs9mn5zGoswVg.jpg
78	bestia-los-angeles	photos/restaurants/bestia-los-angeles/ipKTiVxE5pKtqY2Lfn2wBQ.jpg
79	bestia-los-angeles	photos/restaurants/bestia-los-angeles/ju6z1n81Wck2TglUyt6-NQ.jpg
80	bestia-los-angeles	photos/restaurants/bestia-los-angeles/liI4dg50uWpGbzns_MzgkA.jpg
81	bestia-los-angeles	photos/restaurants/bestia-los-angeles/nd5gGieKWgix4lxEn9tixQ.jpg
82	bestia-los-angeles	photos/restaurants/bestia-los-angeles/noCj87O4wPIsUKpOufOf3w.jpg
83	bestia-los-angeles	photos/restaurants/bestia-los-angeles/pacJTpuGFGBFpBIP9HTnIg.jpg
84	bestia-los-angeles	photos/restaurants/bestia-los-angeles/pl2qfdmcRpw5p5Y8Oi_VQQ.jpg
85	bestia-los-angeles	photos/restaurants/bestia-los-angeles/qUTc3zKkWQaDui1MhPS-tg.jpg
86	bestia-los-angeles	photos/restaurants/bestia-los-angeles/s90cRyk1n74y0JLG8hzkng.jpg
87	bestia-los-angeles	photos/restaurants/bestia-los-angeles/u9FwXTrLdoeibHCImfg6Sw.jpg
88	bestia-los-angeles	photos/restaurants/bestia-los-angeles/uG7gwQQriyufayXmOxinQw.jpg
89	bestia-los-angeles	photos/restaurants/bestia-los-angeles/x-3Nl9mN5zeVujkb2-YNsQ.jpg
90	bestia-los-angeles	photos/restaurants/bestia-los-angeles/zRU-WOS01V70Q9eedlc5GA.jpg
91	bottega-louie-los-angeles	photos/restaurants/bottega-louie-los-angeles/-Z69Zcpd3p7JeYMi2J6yzQ.jpg
92	bottega-louie-los-angeles	photos/restaurants/bottega-louie-los-angeles/4uU0amCTWPPRwL8teSY-Zw.jpg
93	bottega-louie-los-angeles	photos/restaurants/bottega-louie-los-angeles/7n0EhXBelgPYV2F2B7gVSw.jpg
94	bottega-louie-los-angeles	photos/restaurants/bottega-louie-los-angeles/7sZbbYsm5QN0QszAh7Ixww.jpg
95	bottega-louie-los-angeles	photos/restaurants/bottega-louie-los-angeles/8JW2lb1dA9S2s9_I7wXZjQ.jpg
96	bottega-louie-los-angeles	photos/restaurants/bottega-louie-los-angeles/EhuB9TntvlRLPKNpKbAoGw.jpg
97	bottega-louie-los-angeles	photos/restaurants/bottega-louie-los-angeles/ID7u4-3aEwa6hAR824V02g.jpg
98	bottega-louie-los-angeles	photos/restaurants/bottega-louie-los-angeles/J6vkgAeP2fJlxu1jCol2ug.jpg
99	bottega-louie-los-angeles	photos/restaurants/bottega-louie-los-angeles/KDBYcMqLAbM9H4r10rhF3Q.jpg
100	bottega-louie-los-angeles	photos/restaurants/bottega-louie-los-angeles/O4OjvIcnYZrCcz3P1R8cpQ.jpg
101	bottega-louie-los-angeles	photos/restaurants/bottega-louie-los-angeles/Rjg4JJGu-rXY2LFeHGVLdw.jpg
102	bottega-louie-los-angeles	photos/restaurants/bottega-louie-los-angeles/SG1T0_Fut3eYkEmiYa-0UA.jpg
103	bottega-louie-los-angeles	photos/restaurants/bottega-louie-los-angeles/Sm8PcIwJPcH1Xw4MFJ8JbQ.jpg
104	bottega-louie-los-angeles	photos/restaurants/bottega-louie-los-angeles/UW-j3jTjWyGWwMMAHdn4kQ.jpg
105	bottega-louie-los-angeles	photos/restaurants/bottega-louie-los-angeles/YdLX53t0iaPpbl89V3s_MA.jpg
106	bottega-louie-los-angeles	photos/restaurants/bottega-louie-los-angeles/ZQ8DNa-aTcBG19YedZtzqQ.jpg
107	bottega-louie-los-angeles	photos/restaurants/bottega-louie-los-angeles/_e7ShWl2fVjiSuFlktonBQ.jpg
108	bottega-louie-los-angeles	photos/restaurants/bottega-louie-los-angeles/bLBJYhRd4b-UCeobiui0Gw.jpg
109	bottega-louie-los-angeles	photos/restaurants/bottega-louie-los-angeles/bcgZd7vIhb1Oii3lycVeNA.jpg
110	bottega-louie-los-angeles	photos/restaurants/bottega-louie-los-angeles/e72IMkJlskvGFNFP34d0mQ.jpg
111	bottega-louie-los-angeles	photos/restaurants/bottega-louie-los-angeles/eQICwy7lLofbJXofC-2HKw.jpg
112	bottega-louie-los-angeles	photos/restaurants/bottega-louie-los-angeles/eUi8Iqmt1sx_drEy33tTrQ.jpg
113	bottega-louie-los-angeles	photos/restaurants/bottega-louie-los-angeles/fHHbRyUWjBS2WelSzpqk1A.jpg
114	bottega-louie-los-angeles	photos/restaurants/bottega-louie-los-angeles/hj0jyJ4N6h64PLwzc4LK0Q.jpg
115	bottega-louie-los-angeles	photos/restaurants/bottega-louie-los-angeles/i-LVliR0Nuy6-_IERRRqyw.jpg
116	bottega-louie-los-angeles	photos/restaurants/bottega-louie-los-angeles/iweSUPVe4CaI4yRRYmBCsg.jpg
117	bottega-louie-los-angeles	photos/restaurants/bottega-louie-los-angeles/ll35lYr4TycKjiUoPfXH2g.jpg
118	bottega-louie-los-angeles	photos/restaurants/bottega-louie-los-angeles/pIFe_DVdavLxjYE2ZNGjCQ.jpg
119	bottega-louie-los-angeles	photos/restaurants/bottega-louie-los-angeles/s2tKI7H2k8QNmeH0yr1M5A.jpg
120	bottega-louie-los-angeles	photos/restaurants/bottega-louie-los-angeles/ulHVH55rs3fUKpdXqizG0A.jpg
121	daikokuya-little-tokyo-los-angeles	photos/restaurants/daikokuya-little-tokyo-los-angeles/07AKasRPLT4r7nOuIiRUjA.jpg
122	daikokuya-little-tokyo-los-angeles	photos/restaurants/daikokuya-little-tokyo-los-angeles/1e1DSGlZFxjyDQrKHZBLXg.jpg
123	daikokuya-little-tokyo-los-angeles	photos/restaurants/daikokuya-little-tokyo-los-angeles/7wXZoQcVATYn3VSx5-sqLg.jpg
124	daikokuya-little-tokyo-los-angeles	photos/restaurants/daikokuya-little-tokyo-los-angeles/DUiA7opxtdzTkL2Kr5o7sA.jpg
125	daikokuya-little-tokyo-los-angeles	photos/restaurants/daikokuya-little-tokyo-los-angeles/FgJvN-rz1u36Qv23qx_6xQ.jpg
126	daikokuya-little-tokyo-los-angeles	photos/restaurants/daikokuya-little-tokyo-los-angeles/GhyjJvCPT4EAZfjaO4te5g.jpg
127	daikokuya-little-tokyo-los-angeles	photos/restaurants/daikokuya-little-tokyo-los-angeles/OKGXbw64q4l0085nqpS0rA.jpg
128	daikokuya-little-tokyo-los-angeles	photos/restaurants/daikokuya-little-tokyo-los-angeles/SEmGUCzGoiTc0-dI97GOwg.jpg
129	daikokuya-little-tokyo-los-angeles	photos/restaurants/daikokuya-little-tokyo-los-angeles/TTnwUNA3zF1YFkGRP6a0fQ.jpg
130	daikokuya-little-tokyo-los-angeles	photos/restaurants/daikokuya-little-tokyo-los-angeles/VQdeKlKPukVoSS7-lRRdLw.jpg
131	daikokuya-little-tokyo-los-angeles	photos/restaurants/daikokuya-little-tokyo-los-angeles/XzPStLoWWBPln57k0HemCQ.jpg
132	daikokuya-little-tokyo-los-angeles	photos/restaurants/daikokuya-little-tokyo-los-angeles/ZmCYUcjXFHaiD4zEEnadwA.jpg
133	daikokuya-little-tokyo-los-angeles	photos/restaurants/daikokuya-little-tokyo-los-angeles/_er7vl6hW1L_VHtHpzGU4A.jpg
134	daikokuya-little-tokyo-los-angeles	photos/restaurants/daikokuya-little-tokyo-los-angeles/bK_qYRiPM6wMXmd3Fd-vig.jpg
135	daikokuya-little-tokyo-los-angeles	photos/restaurants/daikokuya-little-tokyo-los-angeles/c1qYoZYSnrth8K0Q7EVm6A.jpg
136	daikokuya-little-tokyo-los-angeles	photos/restaurants/daikokuya-little-tokyo-los-angeles/cYe_XQzmjE12hS0E-nTKng.jpg
137	daikokuya-little-tokyo-los-angeles	photos/restaurants/daikokuya-little-tokyo-los-angeles/dctx5POftA4Pk70II3PS1A.jpg
138	daikokuya-little-tokyo-los-angeles	photos/restaurants/daikokuya-little-tokyo-los-angeles/gAXGBbzIyT6lra7f0QFYbA.jpg
139	daikokuya-little-tokyo-los-angeles	photos/restaurants/daikokuya-little-tokyo-los-angeles/hNeWcPMJsgcz8_oGFm6SQw.jpg
140	daikokuya-little-tokyo-los-angeles	photos/restaurants/daikokuya-little-tokyo-los-angeles/jCLJ1t6Lh062oecUiwLkSQ.jpg
141	daikokuya-little-tokyo-los-angeles	photos/restaurants/daikokuya-little-tokyo-los-angeles/jciu4mDcLP9KFCgY8vIdow.jpg
142	daikokuya-little-tokyo-los-angeles	photos/restaurants/daikokuya-little-tokyo-los-angeles/k7MzXZNRLOU1ntl5J35_-A.jpg
143	daikokuya-little-tokyo-los-angeles	photos/restaurants/daikokuya-little-tokyo-los-angeles/lG_liT1AKLZtIQ-NUQcLKg.jpg
144	daikokuya-little-tokyo-los-angeles	photos/restaurants/daikokuya-little-tokyo-los-angeles/m9OvmQmmV2axBLkej3eWpw.jpg
145	daikokuya-little-tokyo-los-angeles	photos/restaurants/daikokuya-little-tokyo-los-angeles/mUZUPKJgOqbcv01GT3h9UQ.jpg
146	daikokuya-little-tokyo-los-angeles	photos/restaurants/daikokuya-little-tokyo-los-angeles/rKUb8zCfzHwicFUOIm6V1A.jpg
147	daikokuya-little-tokyo-los-angeles	photos/restaurants/daikokuya-little-tokyo-los-angeles/sSDYlUKwNX8iBUqCzw8qYA.jpg
148	daikokuya-little-tokyo-los-angeles	photos/restaurants/daikokuya-little-tokyo-los-angeles/szD5p_h2X4NeZZvHtb4r_A.jpg
149	daikokuya-little-tokyo-los-angeles	photos/restaurants/daikokuya-little-tokyo-los-angeles/xnxFIVoliEtw0JoACQkNKA.jpg
150	daikokuya-little-tokyo-los-angeles	photos/restaurants/daikokuya-little-tokyo-los-angeles/xtTWqewSCL_PynIq0pBHOA.jpg
151	eggslut-los-angeles-7	photos/restaurants/eggslut-los-angeles-7/2hNw33m66K08OtwHvuXLTw.jpg
152	eggslut-los-angeles-7	photos/restaurants/eggslut-los-angeles-7/7hUhLQ3q8nX-RTZZhlfU-g.jpg
153	eggslut-los-angeles-7	photos/restaurants/eggslut-los-angeles-7/9Kewb1IgGe4X7IIrTDXpCw.jpg
154	eggslut-los-angeles-7	photos/restaurants/eggslut-los-angeles-7/9oX5ud4sNXq4URrbT_-OFQ.jpg
155	eggslut-los-angeles-7	photos/restaurants/eggslut-los-angeles-7/BhZy6pFTl805mLripvZAUQ.jpg
156	eggslut-los-angeles-7	photos/restaurants/eggslut-los-angeles-7/GKZOiIOlWaY9ZpDauOjNSA.jpg
157	eggslut-los-angeles-7	photos/restaurants/eggslut-los-angeles-7/Gmeq0H5HIEhyDEVwjVD49Q.jpg
158	eggslut-los-angeles-7	photos/restaurants/eggslut-los-angeles-7/H2pdzEmxaJ1Cogp0AUt9cA.jpg
159	eggslut-los-angeles-7	photos/restaurants/eggslut-los-angeles-7/Jg_P5Fh56MqJl8QbDEg57Q.jpg
160	eggslut-los-angeles-7	photos/restaurants/eggslut-los-angeles-7/JrCkN7X0lYm9FS-PmQcAUA.jpg
161	eggslut-los-angeles-7	photos/restaurants/eggslut-los-angeles-7/MoVu1bLyTl0WAsarf3WoYQ.jpg
162	eggslut-los-angeles-7	photos/restaurants/eggslut-los-angeles-7/Sc-Fepr0jOXdR-IQYl8FIg.jpg
163	eggslut-los-angeles-7	photos/restaurants/eggslut-los-angeles-7/UrAcff_AkcptpNkKn9mhxA.jpg
164	eggslut-los-angeles-7	photos/restaurants/eggslut-los-angeles-7/V615_KYUppepeMJLDFBoCA.jpg
165	eggslut-los-angeles-7	photos/restaurants/eggslut-los-angeles-7/_wNb9v2kZxaC8miu5Wk0LA.jpg
166	eggslut-los-angeles-7	photos/restaurants/eggslut-los-angeles-7/aocz1IuFHX9UflloAPdlkQ.jpg
167	eggslut-los-angeles-7	photos/restaurants/eggslut-los-angeles-7/dBTDXRzUR1_ztrtmVQdR_A.jpg
168	eggslut-los-angeles-7	photos/restaurants/eggslut-los-angeles-7/dDsj6l8z5HQFA_kuqKv8Og.jpg
169	eggslut-los-angeles-7	photos/restaurants/eggslut-los-angeles-7/enfG5KdjagnfNWLyf_xeNw.jpg
170	eggslut-los-angeles-7	photos/restaurants/eggslut-los-angeles-7/f-ZdjJzVUiXejyfz3YSUrA.jpg
171	eggslut-los-angeles-7	photos/restaurants/eggslut-los-angeles-7/iN2PW9w_dzxoHNjMTB2FQg.jpg
172	eggslut-los-angeles-7	photos/restaurants/eggslut-los-angeles-7/iviUpNgU5lvEpWv5S6afaw.jpg
173	eggslut-los-angeles-7	photos/restaurants/eggslut-los-angeles-7/jNKc1H4NE7pIuEY_BFnCuQ.jpg
174	eggslut-los-angeles-7	photos/restaurants/eggslut-los-angeles-7/jygQ5wBv6ARpO93tgJ1bYw.jpg
175	eggslut-los-angeles-7	photos/restaurants/eggslut-los-angeles-7/knHAfojGblj1v919OSCvXQ.jpg
176	eggslut-los-angeles-7	photos/restaurants/eggslut-los-angeles-7/lYazb8kLNjpHTiKQhtx6uw.jpg
177	eggslut-los-angeles-7	photos/restaurants/eggslut-los-angeles-7/m1OK6JTIAG9bf4AQvb4FxQ.jpg
178	eggslut-los-angeles-7	photos/restaurants/eggslut-los-angeles-7/rxfA49mLFAqJwCv4X0O5jw.jpg
179	eggslut-los-angeles-7	photos/restaurants/eggslut-los-angeles-7/tc38fJpwBMca52RVmLzc4A.jpg
180	eggslut-los-angeles-7	photos/restaurants/eggslut-los-angeles-7/uQ3rOE2iuSt6-yGuGwDGeQ.jpg
181	faith-and-flower-los-angeles	photos/restaurants/faith-and-flower-los-angeles/2NYAY7-zIjbQiCUjsTh5xQ.jpg
182	faith-and-flower-los-angeles	photos/restaurants/faith-and-flower-los-angeles/2xQmufjVulA3By4blFCFtQ.jpg
183	faith-and-flower-los-angeles	photos/restaurants/faith-and-flower-los-angeles/5U-3Up-3yd3Wr0P5xco0hw.jpg
184	faith-and-flower-los-angeles	photos/restaurants/faith-and-flower-los-angeles/8DSY3r8SWiK-vuVd8XzMCA.jpg
185	faith-and-flower-los-angeles	photos/restaurants/faith-and-flower-los-angeles/8xTmS-K-em-8Oxkj5WJC1g.jpg
186	faith-and-flower-los-angeles	photos/restaurants/faith-and-flower-los-angeles/FA-nCihxRMephdi0auBYVA.jpg
187	faith-and-flower-los-angeles	photos/restaurants/faith-and-flower-los-angeles/OmM5ht8EM0dMH5HxGXk04A.jpg
188	faith-and-flower-los-angeles	photos/restaurants/faith-and-flower-los-angeles/PmF4Kk-DXFJ3Aogqz-PUSQ.jpg
189	faith-and-flower-los-angeles	photos/restaurants/faith-and-flower-los-angeles/QRUfQHe0u1E4UM5VL6ZhrQ.jpg
190	faith-and-flower-los-angeles	photos/restaurants/faith-and-flower-los-angeles/R3h_wu8yAzVhpVMDSOkcHA.jpg
191	faith-and-flower-los-angeles	photos/restaurants/faith-and-flower-los-angeles/SUfjsaSCeOPjQvCN9GEGSg.jpg
192	faith-and-flower-los-angeles	photos/restaurants/faith-and-flower-los-angeles/WE_x3oIYCZOm6mtlAzBkgQ.jpg
193	faith-and-flower-los-angeles	photos/restaurants/faith-and-flower-los-angeles/X5RNp4zSLw6vJDpiqD-l9A.jpg
194	faith-and-flower-los-angeles	photos/restaurants/faith-and-flower-los-angeles/beWYS0oWKTA2eSyJVbLzBw.jpg
195	faith-and-flower-los-angeles	photos/restaurants/faith-and-flower-los-angeles/c9REMo8h-zuYutYHB2z_zw.jpg
196	faith-and-flower-los-angeles	photos/restaurants/faith-and-flower-los-angeles/cZU9CsvtNscUDd6CUd_VkA.jpg
197	faith-and-flower-los-angeles	photos/restaurants/faith-and-flower-los-angeles/iXTrEQgBX77aJX2T7zDMkw.jpg
198	faith-and-flower-los-angeles	photos/restaurants/faith-and-flower-los-angeles/iZrAUFXIgzIm8KTvHc8z6w.jpg
199	faith-and-flower-los-angeles	photos/restaurants/faith-and-flower-los-angeles/jH9l3WH4K2KAZtnkZaNmcQ.jpg
200	faith-and-flower-los-angeles	photos/restaurants/faith-and-flower-los-angeles/lPu-bE1vSk7oRaUCFlCUOw.jpg
201	faith-and-flower-los-angeles	photos/restaurants/faith-and-flower-los-angeles/m-qX-A6hPBJTCdDfaoNCng.jpg
202	faith-and-flower-los-angeles	photos/restaurants/faith-and-flower-los-angeles/m9VzCQ0IqrK6N0bLDtNC_g.jpg
203	faith-and-flower-los-angeles	photos/restaurants/faith-and-flower-los-angeles/mdKITMX6MKKJDuRzbpHhKQ.jpg
204	faith-and-flower-los-angeles	photos/restaurants/faith-and-flower-los-angeles/moC5qnL1MJDnNTieN359xQ.jpg
205	faith-and-flower-los-angeles	photos/restaurants/faith-and-flower-los-angeles/mskkSfxGXHqp84jCSEK6hQ.jpg
206	faith-and-flower-los-angeles	photos/restaurants/faith-and-flower-los-angeles/n1gKuJOvMsTFzySSS12mKg.jpg
207	faith-and-flower-los-angeles	photos/restaurants/faith-and-flower-los-angeles/oTJjQvA1BPF4FZTDlQhTtA.jpg
208	faith-and-flower-los-angeles	photos/restaurants/faith-and-flower-los-angeles/tRWUYSFqfVE6WA_zHJj-Sg.jpg
209	faith-and-flower-los-angeles	photos/restaurants/faith-and-flower-los-angeles/uKYSzCMy8qgT_RXFHhbIgQ.jpg
210	faith-and-flower-los-angeles	photos/restaurants/faith-and-flower-los-angeles/yYNWtGLEMT0AuPtPIDOufQ.jpg
211	howlin-rays-los-angeles-3	photos/restaurants/howlin-rays-los-angeles-3/4kTVDsJxszml799giu98rQ.jpg
212	howlin-rays-los-angeles-3	photos/restaurants/howlin-rays-los-angeles-3/6HVQrC1EzLBN7XZ432vlgA.jpg
213	howlin-rays-los-angeles-3	photos/restaurants/howlin-rays-los-angeles-3/7bj_sUlInYud7-uA1K5bkg.jpg
214	howlin-rays-los-angeles-3	photos/restaurants/howlin-rays-los-angeles-3/CL5MCVEEE-zpYUuyyMKTQQ.jpg
215	howlin-rays-los-angeles-3	photos/restaurants/howlin-rays-los-angeles-3/GCz8F64URGuXMCwSOYsH8Q.jpg
216	howlin-rays-los-angeles-3	photos/restaurants/howlin-rays-los-angeles-3/IMAgHzHn2Qvi2r_S9OwXiw.jpg
217	howlin-rays-los-angeles-3	photos/restaurants/howlin-rays-los-angeles-3/IlP7tsrjuEInbxYGni-dvA.jpg
218	howlin-rays-los-angeles-3	photos/restaurants/howlin-rays-los-angeles-3/KG6NMycIbD0A1Ux8OHp5Cw.jpg
219	howlin-rays-los-angeles-3	photos/restaurants/howlin-rays-los-angeles-3/OnxIgJO9-vO1WTIZq-zBXQ.jpg
220	howlin-rays-los-angeles-3	photos/restaurants/howlin-rays-los-angeles-3/PcrMz6eSabk5AUvgPYv7cA.jpg
221	howlin-rays-los-angeles-3	photos/restaurants/howlin-rays-los-angeles-3/QFxOeI-K9138KW-mWK-O3Q.jpg
222	howlin-rays-los-angeles-3	photos/restaurants/howlin-rays-los-angeles-3/QdsMMAlk3EanF9ADKclOuA.jpg
223	howlin-rays-los-angeles-3	photos/restaurants/howlin-rays-los-angeles-3/Qfo9szciiOip7PHHshI64Q.jpg
224	howlin-rays-los-angeles-3	photos/restaurants/howlin-rays-los-angeles-3/RrTtqor5ASbPp78q_RNWRQ.jpg
225	howlin-rays-los-angeles-3	photos/restaurants/howlin-rays-los-angeles-3/RvWyI1r-cTFDT5WEy_midg.jpg
226	howlin-rays-los-angeles-3	photos/restaurants/howlin-rays-los-angeles-3/S7AU2dYtvbZFjjZ7yCLUyA.jpg
227	howlin-rays-los-angeles-3	photos/restaurants/howlin-rays-los-angeles-3/SgLqDEHKmXDZP2Y08AtzbQ.jpg
228	howlin-rays-los-angeles-3	photos/restaurants/howlin-rays-los-angeles-3/St4mEu2UFqJ4s7sxh8Ygww.jpg
229	howlin-rays-los-angeles-3	photos/restaurants/howlin-rays-los-angeles-3/TtquZEXDGBxraZM2GmVBfQ.jpg
230	howlin-rays-los-angeles-3	photos/restaurants/howlin-rays-los-angeles-3/YsuIoemtKTXGCmD7ZgwBpA.jpg
231	howlin-rays-los-angeles-3	photos/restaurants/howlin-rays-los-angeles-3/_0f9NTQaWWUgYvQsq6s3hw.jpg
232	howlin-rays-los-angeles-3	photos/restaurants/howlin-rays-los-angeles-3/apc0gyHYQeOaos76NrV6HQ.jpg
233	howlin-rays-los-angeles-3	photos/restaurants/howlin-rays-los-angeles-3/cb-aZEbbXGkzMCX96_wG_g.jpg
234	howlin-rays-los-angeles-3	photos/restaurants/howlin-rays-los-angeles-3/davbI4w1QMR0MG3KGU3CFA.jpg
235	howlin-rays-los-angeles-3	photos/restaurants/howlin-rays-los-angeles-3/iRjoCNcN6DYZa9E1NQi_Lg.jpg
236	howlin-rays-los-angeles-3	photos/restaurants/howlin-rays-los-angeles-3/jffIPqmvrCuWb_cMlm8Wnw.jpg
237	howlin-rays-los-angeles-3	photos/restaurants/howlin-rays-los-angeles-3/uN96hEH76oRx2gttMRT7xA.jpg
238	howlin-rays-los-angeles-3	photos/restaurants/howlin-rays-los-angeles-3/ujcT0-lBRFEvGT2c7EdN1g.jpg
239	howlin-rays-los-angeles-3	photos/restaurants/howlin-rays-los-angeles-3/vOQNzNIMF5_1TuNkePIjTQ.jpg
240	howlin-rays-los-angeles-3	photos/restaurants/howlin-rays-los-angeles-3/xngF8_HPf-LSMCTpjZnMng.jpg
241	komodo-los-angeles-6	photos/restaurants/komodo-los-angeles-6/4dPoTo4mToT5t27se0Ms6A.jpg
242	komodo-los-angeles-6	photos/restaurants/komodo-los-angeles-6/4zRNiGY22hg4tjgprMgIyw.jpg
243	komodo-los-angeles-6	photos/restaurants/komodo-los-angeles-6/5AQEdRJNnBUzpPpv0jODtg.jpg
244	komodo-los-angeles-6	photos/restaurants/komodo-los-angeles-6/7t-xTRYk-0-5_nNDyP9m_w.jpg
245	komodo-los-angeles-6	photos/restaurants/komodo-los-angeles-6/9A8TplsHWSXviynYbs9OqA.jpg
246	komodo-los-angeles-6	photos/restaurants/komodo-los-angeles-6/9lc_zj476LlL8hNQY94Qqw.jpg
247	komodo-los-angeles-6	photos/restaurants/komodo-los-angeles-6/D3HBinu2I_uGb6lNKLr_2A.jpg
248	komodo-los-angeles-6	photos/restaurants/komodo-los-angeles-6/E9sF-gQ5rTG9C2Og5G5rwQ.jpg
249	komodo-los-angeles-6	photos/restaurants/komodo-los-angeles-6/GfKyKaZ7VC3QBRpU8Sfe_A.jpg
250	komodo-los-angeles-6	photos/restaurants/komodo-los-angeles-6/IpVWADdr4_dNw_9V73IStQ.jpg
251	komodo-los-angeles-6	photos/restaurants/komodo-los-angeles-6/M9swUNc6iKoGXPzwbaMSnQ.jpg
252	komodo-los-angeles-6	photos/restaurants/komodo-los-angeles-6/SKqHeHI6pa_Y2gMoLx7lZw.jpg
253	komodo-los-angeles-6	photos/restaurants/komodo-los-angeles-6/TX-lv0YTjwguyy01mpFByA.jpg
254	komodo-los-angeles-6	photos/restaurants/komodo-los-angeles-6/Uc6TeMKxUujolralUmkK8Q.jpg
255	komodo-los-angeles-6	photos/restaurants/komodo-los-angeles-6/XkU1xhZJ2ijJBfcdMA42BQ.jpg
256	komodo-los-angeles-6	photos/restaurants/komodo-los-angeles-6/Zt633d-pAjP8wQDFH5NSZw.jpg
257	komodo-los-angeles-6	photos/restaurants/komodo-los-angeles-6/b8O0uIBoMRLNphMTEtjW5A.jpg
258	komodo-los-angeles-6	photos/restaurants/komodo-los-angeles-6/eY1xg3hqnxml0f2bda8FUA.jpg
259	komodo-los-angeles-6	photos/restaurants/komodo-los-angeles-6/fZSzQpCuI38THZX371P07w.jpg
260	komodo-los-angeles-6	photos/restaurants/komodo-los-angeles-6/iGIWXwByyB-VOxO1KYlKAQ.jpg
261	komodo-los-angeles-6	photos/restaurants/komodo-los-angeles-6/lu91K83mS98kgyh6fDjSYg.jpg
262	komodo-los-angeles-6	photos/restaurants/komodo-los-angeles-6/oWx8R44oXU5-IdW-u8N3Wg.jpg
263	komodo-los-angeles-6	photos/restaurants/komodo-los-angeles-6/p1ZQ7G-R3tneLTD_NLY0rg.jpg
264	komodo-los-angeles-6	photos/restaurants/komodo-los-angeles-6/ph5iaX8DJrhE35aipsZN-w.jpg
265	komodo-los-angeles-6	photos/restaurants/komodo-los-angeles-6/qwTkcR0_xOPKxzb3FpbNUQ.jpg
266	komodo-los-angeles-6	photos/restaurants/komodo-los-angeles-6/uRhlSTsfxsDpkBSfn4AKOA.jpg
267	komodo-los-angeles-6	photos/restaurants/komodo-los-angeles-6/ueyqRrDlqJsPmpzaQVSZsg.jpg
268	komodo-los-angeles-6	photos/restaurants/komodo-los-angeles-6/wGUyyvtNf4AG8dRa8568eg.jpg
269	komodo-los-angeles-6	photos/restaurants/komodo-los-angeles-6/xoKBjmU2kwKu5QJ4j-9vMQ.jpg
270	komodo-los-angeles-6	photos/restaurants/komodo-los-angeles-6/zAtPQP7xNDVz4MyUtwRXDQ.jpg
271	maccheroni-republic-los-angeles	photos/restaurants/maccheroni-republic-los-angeles/-Nv7LR72Fz4jFBqw7O13UQ.jpg
272	maccheroni-republic-los-angeles	photos/restaurants/maccheroni-republic-los-angeles/3b-Q1__2j4kOEBm1HIqYtA.jpg
273	maccheroni-republic-los-angeles	photos/restaurants/maccheroni-republic-los-angeles/5qEz2dX8nnsRUSeIsLJe3w.jpg
274	maccheroni-republic-los-angeles	photos/restaurants/maccheroni-republic-los-angeles/6PzzyBBib9XtBDnNZrFb6Q.jpg
275	maccheroni-republic-los-angeles	photos/restaurants/maccheroni-republic-los-angeles/70WYoj7VGYgx8HeT9tjcNg.jpg
276	maccheroni-republic-los-angeles	photos/restaurants/maccheroni-republic-los-angeles/7PaDTCQXljHthC6f5r01Lw.jpg
277	maccheroni-republic-los-angeles	photos/restaurants/maccheroni-republic-los-angeles/9Ha8_WIkRzZz3JGoRIppOg.jpg
278	maccheroni-republic-los-angeles	photos/restaurants/maccheroni-republic-los-angeles/9sS9xUIB4Wv1l2vC5sGOFA.jpg
279	maccheroni-republic-los-angeles	photos/restaurants/maccheroni-republic-los-angeles/AmRDoTT4re3mRcb7PyWaww.jpg
280	maccheroni-republic-los-angeles	photos/restaurants/maccheroni-republic-los-angeles/C4xt0opMoe48MrcufzBhjQ.jpg
281	maccheroni-republic-los-angeles	photos/restaurants/maccheroni-republic-los-angeles/EDR7u3bQGbkGv4IyMb8uLQ.jpg
282	maccheroni-republic-los-angeles	photos/restaurants/maccheroni-republic-los-angeles/FAfUQVQh1J1xQ_yeCWcQGw.jpg
283	maccheroni-republic-los-angeles	photos/restaurants/maccheroni-republic-los-angeles/Fy-jtMNK9ygmwrnqEjLb4g.jpg
284	maccheroni-republic-los-angeles	photos/restaurants/maccheroni-republic-los-angeles/G1vWPjfkjNNQnKDfmx2EMg.jpg
285	maccheroni-republic-los-angeles	photos/restaurants/maccheroni-republic-los-angeles/LoEY03RBrE0TBW4Y-RejTw.jpg
286	maccheroni-republic-los-angeles	photos/restaurants/maccheroni-republic-los-angeles/P2SO0lYNJUfVhPasQiqm3Q.jpg
287	maccheroni-republic-los-angeles	photos/restaurants/maccheroni-republic-los-angeles/P9NqOcfwoqunKl3Ea-ITzQ.jpg
288	maccheroni-republic-los-angeles	photos/restaurants/maccheroni-republic-los-angeles/Q3u72I1dvzJud_praTXJWg.jpg
289	maccheroni-republic-los-angeles	photos/restaurants/maccheroni-republic-los-angeles/WKE4Pby6PYwuIi0A3UV2Jw.jpg
290	maccheroni-republic-los-angeles	photos/restaurants/maccheroni-republic-los-angeles/Wa5XiAYKpgstYv-J4D0bpQ.jpg
291	maccheroni-republic-los-angeles	photos/restaurants/maccheroni-republic-los-angeles/X7G45WDFLprd8UT-NOJ-Cw.jpg
292	maccheroni-republic-los-angeles	photos/restaurants/maccheroni-republic-los-angeles/Z-WcsHmb1F4SRCUQAE2LRQ.jpg
293	maccheroni-republic-los-angeles	photos/restaurants/maccheroni-republic-los-angeles/dVmC-O98Cai1ZMgPSUuR4g.jpg
294	maccheroni-republic-los-angeles	photos/restaurants/maccheroni-republic-los-angeles/deenycQvZ_3uol_Xz8c8Rw.jpg
295	maccheroni-republic-los-angeles	photos/restaurants/maccheroni-republic-los-angeles/gf8Fo1zhMakXLJqBEmo9BA.jpg
296	maccheroni-republic-los-angeles	photos/restaurants/maccheroni-republic-los-angeles/h_Y9eqZeSnf2WLpdcJtA1g.jpg
297	maccheroni-republic-los-angeles	photos/restaurants/maccheroni-republic-los-angeles/jo2Cv90alcTJ1luDWbVoeQ.jpg
298	maccheroni-republic-los-angeles	photos/restaurants/maccheroni-republic-los-angeles/oz3GqhdpUqVp-Y495aoOQA.jpg
299	maccheroni-republic-los-angeles	photos/restaurants/maccheroni-republic-los-angeles/sMv8bSQ0GTNnzVZdN2_SFg.jpg
300	maccheroni-republic-los-angeles	photos/restaurants/maccheroni-republic-los-angeles/vXGftCYDgTYU4h1Av8rE3A.jpg
301	marugame-monzo-los-angeles-2	photos/restaurants/marugame-monzo-los-angeles-2/-jeMIatpKsrYBzngYuZFTA.jpg
302	marugame-monzo-los-angeles-2	photos/restaurants/marugame-monzo-los-angeles-2/07GyJlSaW4KoZes8noonVA.jpg
303	marugame-monzo-los-angeles-2	photos/restaurants/marugame-monzo-los-angeles-2/0RJGJs3o_rEh8DN4h7RZIQ.jpg
304	marugame-monzo-los-angeles-2	photos/restaurants/marugame-monzo-los-angeles-2/4N3iL2I3aHRV2c6xmjGOcA.jpg
305	marugame-monzo-los-angeles-2	photos/restaurants/marugame-monzo-los-angeles-2/6MUjeQZIhX93rRTjtmVcIA.jpg
306	marugame-monzo-los-angeles-2	photos/restaurants/marugame-monzo-los-angeles-2/6UU26djeFDO6eq462Q7nzA.jpg
307	marugame-monzo-los-angeles-2	photos/restaurants/marugame-monzo-los-angeles-2/7_M1YIRPSdns84nXi5qo4Q.jpg
308	marugame-monzo-los-angeles-2	photos/restaurants/marugame-monzo-los-angeles-2/BClds6ScIiamEKFu45qO1g.jpg
309	marugame-monzo-los-angeles-2	photos/restaurants/marugame-monzo-los-angeles-2/FH9uWKm6dO3pF-7_3RRtjg.jpg
310	marugame-monzo-los-angeles-2	photos/restaurants/marugame-monzo-los-angeles-2/GgoU71LHpvOknHeihuWheg.jpg
311	marugame-monzo-los-angeles-2	photos/restaurants/marugame-monzo-los-angeles-2/HaB4ea8bhWIHoMl7N92BVQ.jpg
312	marugame-monzo-los-angeles-2	photos/restaurants/marugame-monzo-los-angeles-2/Ijk_yePtYhRHtSA01nksug.jpg
313	marugame-monzo-los-angeles-2	photos/restaurants/marugame-monzo-los-angeles-2/K6MourcO_wXY3w-JDWc0Cg.jpg
314	marugame-monzo-los-angeles-2	photos/restaurants/marugame-monzo-los-angeles-2/MidYfzHrAN-wYO4Zl6QYxw.jpg
315	marugame-monzo-los-angeles-2	photos/restaurants/marugame-monzo-los-angeles-2/ObRGYVgT_02NixTPPPUMOg.jpg
316	marugame-monzo-los-angeles-2	photos/restaurants/marugame-monzo-los-angeles-2/Q4wgtbzljwmssLWJAuWI_g.jpg
317	marugame-monzo-los-angeles-2	photos/restaurants/marugame-monzo-los-angeles-2/SDxEW__KyVE_GCkGTR26sg.jpg
318	marugame-monzo-los-angeles-2	photos/restaurants/marugame-monzo-los-angeles-2/T0bw9TYWEoD9rxGCxXpHPA.jpg
319	marugame-monzo-los-angeles-2	photos/restaurants/marugame-monzo-los-angeles-2/U4NFi7BKjYpNQxgdRG3iYw.jpg
320	marugame-monzo-los-angeles-2	photos/restaurants/marugame-monzo-los-angeles-2/Up2lBw7RrYimjbyRgfw5UA.jpg
321	marugame-monzo-los-angeles-2	photos/restaurants/marugame-monzo-los-angeles-2/WQ7yaF0Hm248XO0y2hvwYw.jpg
322	marugame-monzo-los-angeles-2	photos/restaurants/marugame-monzo-los-angeles-2/XbJaZn2NSOB5BigFwcUKQQ.jpg
323	marugame-monzo-los-angeles-2	photos/restaurants/marugame-monzo-los-angeles-2/Zs9YLxNxDlFndexp4gUjJA.jpg
324	marugame-monzo-los-angeles-2	photos/restaurants/marugame-monzo-los-angeles-2/ggbQkrdJn2t_sAHAf2edrQ.jpg
325	marugame-monzo-los-angeles-2	photos/restaurants/marugame-monzo-los-angeles-2/lmZUIauCAP58uyeNQil-6g.jpg
326	marugame-monzo-los-angeles-2	photos/restaurants/marugame-monzo-los-angeles-2/pDCNeoj8LDjXlcd075m1Rw.jpg
327	marugame-monzo-los-angeles-2	photos/restaurants/marugame-monzo-los-angeles-2/pcwUVgas62yIlW6HXhX-lw.jpg
328	marugame-monzo-los-angeles-2	photos/restaurants/marugame-monzo-los-angeles-2/rgJEdTac8dTb0WNYnltrZw.jpg
329	marugame-monzo-los-angeles-2	photos/restaurants/marugame-monzo-los-angeles-2/wb2f3vHxagmzK0ssSWDr2A.jpg
330	marugame-monzo-los-angeles-2	photos/restaurants/marugame-monzo-los-angeles-2/xcZCAadeIzyDKOOfpiXvug.jpg
331	masa-of-echo-park-los-angeles	photos/restaurants/masa-of-echo-park-los-angeles/-LPDdNX44PS8ZjEsJeS9GA.jpg
332	masa-of-echo-park-los-angeles	photos/restaurants/masa-of-echo-park-los-angeles/0Q50D02Dry2PNblTgFUU8Q.jpg
333	masa-of-echo-park-los-angeles	photos/restaurants/masa-of-echo-park-los-angeles/2s_HpVCI8YlOsAzb80CmIQ.jpg
334	masa-of-echo-park-los-angeles	photos/restaurants/masa-of-echo-park-los-angeles/4_NDkyJZVeRAV5NanM1Uqg.jpg
335	masa-of-echo-park-los-angeles	photos/restaurants/masa-of-echo-park-los-angeles/6iIg-KEJ9h9rgSwaFNPmkg.jpg
336	masa-of-echo-park-los-angeles	photos/restaurants/masa-of-echo-park-los-angeles/7H7mQEX7QcC1B8_61HYtlQ.jpg
337	masa-of-echo-park-los-angeles	photos/restaurants/masa-of-echo-park-los-angeles/9R_fUbLhS30yA5pAKbGGjQ.jpg
338	masa-of-echo-park-los-angeles	photos/restaurants/masa-of-echo-park-los-angeles/FrsVSkBXxyPs3D2moIjP1g.jpg
339	masa-of-echo-park-los-angeles	photos/restaurants/masa-of-echo-park-los-angeles/LBvbT3xGqqika-ALV3brlA.jpg
340	masa-of-echo-park-los-angeles	photos/restaurants/masa-of-echo-park-los-angeles/O6WijcXUS3BTQMBiPCsa7g.jpg
341	masa-of-echo-park-los-angeles	photos/restaurants/masa-of-echo-park-los-angeles/Pf7abuOrEGI7pmvF7fKdfA.jpg
342	masa-of-echo-park-los-angeles	photos/restaurants/masa-of-echo-park-los-angeles/Pl-dQakOrFyJoyGqhWKB-g.jpg
343	masa-of-echo-park-los-angeles	photos/restaurants/masa-of-echo-park-los-angeles/V29HHDNO9NSeVZD9yrdDxQ.jpg
344	masa-of-echo-park-los-angeles	photos/restaurants/masa-of-echo-park-los-angeles/Vx3BTH43l-MsGRM-oepIPA.jpg
345	masa-of-echo-park-los-angeles	photos/restaurants/masa-of-echo-park-los-angeles/YcYJMEtuJRL37JsEJTEmYA.jpg
346	masa-of-echo-park-los-angeles	photos/restaurants/masa-of-echo-park-los-angeles/ZWa3p-o7tHXD-zjPjDnYLg.jpg
347	masa-of-echo-park-los-angeles	photos/restaurants/masa-of-echo-park-los-angeles/_8F_VkyCXRfmdGWVIjEBGA.jpg
348	masa-of-echo-park-los-angeles	photos/restaurants/masa-of-echo-park-los-angeles/_qxoq7obs5CkEm5HPzVieQ.jpg
349	masa-of-echo-park-los-angeles	photos/restaurants/masa-of-echo-park-los-angeles/catDlfoSpyYHBo3NJIzwYw.jpg
350	masa-of-echo-park-los-angeles	photos/restaurants/masa-of-echo-park-los-angeles/fPSs3Kgy7Tn4WnSF-zl4OQ.jpg
351	masa-of-echo-park-los-angeles	photos/restaurants/masa-of-echo-park-los-angeles/g2iDur-rXFnu01iHnczL7w.jpg
352	masa-of-echo-park-los-angeles	photos/restaurants/masa-of-echo-park-los-angeles/g4wsTFWpCfCiMx8IlMa9yQ.jpg
353	masa-of-echo-park-los-angeles	photos/restaurants/masa-of-echo-park-los-angeles/iE8A89OIDn2_FDw_5Vn2Yw.jpg
354	masa-of-echo-park-los-angeles	photos/restaurants/masa-of-echo-park-los-angeles/icA_TZyIWbn__aJIgkyOBw.jpg
355	masa-of-echo-park-los-angeles	photos/restaurants/masa-of-echo-park-los-angeles/lNBbkVSzLMOhUFeDF43B9g.jpg
356	masa-of-echo-park-los-angeles	photos/restaurants/masa-of-echo-park-los-angeles/m0MlA1HuTgjh0ZD6IDJfuw.jpg
357	masa-of-echo-park-los-angeles	photos/restaurants/masa-of-echo-park-los-angeles/mfjHCvFLXmkZ9wTLRdjv5g.jpg
358	masa-of-echo-park-los-angeles	photos/restaurants/masa-of-echo-park-los-angeles/okgFjOL-O2nJ4dJD6m4Ssw.jpg
359	masa-of-echo-park-los-angeles	photos/restaurants/masa-of-echo-park-los-angeles/p8QwkebvhP0FgMxGjAE-DA.jpg
360	masa-of-echo-park-los-angeles	photos/restaurants/masa-of-echo-park-los-angeles/tqRDQ9rNSFw40RTPsxt6Bw.jpg
361	perch-los-angeles	photos/restaurants/perch-los-angeles/09T3dBjwiTEYtyLXgcG_JQ.jpg
362	perch-los-angeles	photos/restaurants/perch-los-angeles/1VchXGTmoHKxn_v_dEOxCA.jpg
363	perch-los-angeles	photos/restaurants/perch-los-angeles/5poBX87h9InrMXmLeZtoDA.jpg
364	perch-los-angeles	photos/restaurants/perch-los-angeles/6IV-JaJgIYjs0PiSWn5gsw.jpg
365	perch-los-angeles	photos/restaurants/perch-los-angeles/6affCEwXYqbigcoCtsYJqQ.jpg
366	perch-los-angeles	photos/restaurants/perch-los-angeles/9vFka9E__yhlxLejw2FFeg.jpg
367	perch-los-angeles	photos/restaurants/perch-los-angeles/BMGexDWsE7OGsLJBZk3Axg.jpg
368	perch-los-angeles	photos/restaurants/perch-los-angeles/FSDVGoX8P2JMX_f8J9CkcQ.jpg
369	perch-los-angeles	photos/restaurants/perch-los-angeles/HN6r6Bl-GTSGPg76YvKXzA.jpg
370	perch-los-angeles	photos/restaurants/perch-los-angeles/Kwedo4xia9EFkXHEEvkrLw.jpg
371	perch-los-angeles	photos/restaurants/perch-los-angeles/PTaOMEv44YF7gL5azf2z4g.jpg
372	perch-los-angeles	photos/restaurants/perch-los-angeles/QiQ_fwX8zrCmKGMYDPXngA.jpg
373	perch-los-angeles	photos/restaurants/perch-los-angeles/Rtrayb9w6qWjalGK1dsxrA.jpg
374	perch-los-angeles	photos/restaurants/perch-los-angeles/TeqXqu7Ct0Ejgsqrcd7lVw.jpg
375	perch-los-angeles	photos/restaurants/perch-los-angeles/UVA1AuMFJ_9DIw9AMY7v5g.jpg
376	perch-los-angeles	photos/restaurants/perch-los-angeles/XLYJzEWMcMumfKZuqnDHzA.jpg
377	perch-los-angeles	photos/restaurants/perch-los-angeles/Z6rA54gWt0op8bD-Q_8Kdg.jpg
378	perch-los-angeles	photos/restaurants/perch-los-angeles/c5K77gNEWT27Moo986O9sw.jpg
379	perch-los-angeles	photos/restaurants/perch-los-angeles/cEhEMornGPmD3IFD0rNs6g.jpg
380	perch-los-angeles	photos/restaurants/perch-los-angeles/isc3J5-73BgoReTTPfgQug.jpg
381	perch-los-angeles	photos/restaurants/perch-los-angeles/jV_Nk2eq2cJJ3QcG8RN-tA.jpg
382	perch-los-angeles	photos/restaurants/perch-los-angeles/kBn8unpUq6y4OlNnrRi2aw.jpg
383	perch-los-angeles	photos/restaurants/perch-los-angeles/lUJ0_EKjnbfOnu2w7e_ySQ.jpg
384	perch-los-angeles	photos/restaurants/perch-los-angeles/nLDUpH58hHbqglYjVnN4Bg.jpg
385	perch-los-angeles	photos/restaurants/perch-los-angeles/nvoPV88V0-R17HDvW-Zg6g.jpg
386	perch-los-angeles	photos/restaurants/perch-los-angeles/pSW3IoTTEGqFuAMQREOYcA.jpg
387	perch-los-angeles	photos/restaurants/perch-los-angeles/qOxLFmnMLLnGsnPy0NmzVw.jpg
388	perch-los-angeles	photos/restaurants/perch-los-angeles/tzopbUfl1YuztFftwe2rJA.jpg
389	perch-los-angeles	photos/restaurants/perch-los-angeles/vNT0iol44ooUb25q9dZKEQ.jpg
390	perch-los-angeles	photos/restaurants/perch-los-angeles/yLPs8Iot0rL6Sz7sbdTRIQ.jpg
391	pine-and-crane-los-angeles	photos/restaurants/pine-and-crane-los-angeles/13wvz6FKa2w7ueA6QEB7aA.jpg
392	pine-and-crane-los-angeles	photos/restaurants/pine-and-crane-los-angeles/2bam4-YPutenhxtVFsniwA.jpg
393	pine-and-crane-los-angeles	photos/restaurants/pine-and-crane-los-angeles/7evPKGARLPoBYycYEvbl0Q.jpg
394	pine-and-crane-los-angeles	photos/restaurants/pine-and-crane-los-angeles/9OH1gc33X23EMun9Q0s4QQ.jpg
395	pine-and-crane-los-angeles	photos/restaurants/pine-and-crane-los-angeles/C-OpB_WTXyPOKX5R2J5wSg.jpg
396	pine-and-crane-los-angeles	photos/restaurants/pine-and-crane-los-angeles/D7PiUPGZvREG8R67JcLS7g.jpg
397	pine-and-crane-los-angeles	photos/restaurants/pine-and-crane-los-angeles/DD9n4_Dmynv0842Qli5Svg.jpg
398	pine-and-crane-los-angeles	photos/restaurants/pine-and-crane-los-angeles/EJ-nqTYjxPqELUfEBPCsNQ.jpg
399	pine-and-crane-los-angeles	photos/restaurants/pine-and-crane-los-angeles/HwaqzReNh6apsNoMb2bGHw.jpg
400	pine-and-crane-los-angeles	photos/restaurants/pine-and-crane-los-angeles/JbWTzpFcLVH6ub0xI9znfQ.jpg
401	pine-and-crane-los-angeles	photos/restaurants/pine-and-crane-los-angeles/M0-haXUidrCZ1Uo-2SXqCw.jpg
402	pine-and-crane-los-angeles	photos/restaurants/pine-and-crane-los-angeles/QtLK4xqORhrEDz-FBTfFgA.jpg
403	pine-and-crane-los-angeles	photos/restaurants/pine-and-crane-los-angeles/VBcQJ2BiLuPvqCSG2AXz1A.jpg
404	pine-and-crane-los-angeles	photos/restaurants/pine-and-crane-los-angeles/Wirrp2pShJB9SACM7e4M1g.jpg
405	pine-and-crane-los-angeles	photos/restaurants/pine-and-crane-los-angeles/Zat47bLFfLSrmTlDm_ygLQ.jpg
406	pine-and-crane-los-angeles	photos/restaurants/pine-and-crane-los-angeles/_8WuTG48WSPL39VwAL96Dw.jpg
407	pine-and-crane-los-angeles	photos/restaurants/pine-and-crane-los-angeles/h3PmUrGokJYXZwBztP7zuA.jpg
408	pine-and-crane-los-angeles	photos/restaurants/pine-and-crane-los-angeles/hcsdCxAsaqWUgryWPrMdJQ.jpg
409	pine-and-crane-los-angeles	photos/restaurants/pine-and-crane-los-angeles/ibtf6S1W5tR9eSFh8UckYw.jpg
410	pine-and-crane-los-angeles	photos/restaurants/pine-and-crane-los-angeles/k7qQVDv4UOXyKNvkZV1uLg.jpg
411	pine-and-crane-los-angeles	photos/restaurants/pine-and-crane-los-angeles/l2fxQglk0QRT1xwi_2SobA.jpg
412	pine-and-crane-los-angeles	photos/restaurants/pine-and-crane-los-angeles/lCAi1iTBRBWgdfYZOMa4-g.jpg
413	pine-and-crane-los-angeles	photos/restaurants/pine-and-crane-los-angeles/ngC4FIGaSK-uKXhoNV_xjw.jpg
414	pine-and-crane-los-angeles	photos/restaurants/pine-and-crane-los-angeles/pSRIryO-1gOPjuqdXMi2IA.jpg
415	pine-and-crane-los-angeles	photos/restaurants/pine-and-crane-los-angeles/puy7G-aHwXujQ2wjfGxyMQ.jpg
416	pine-and-crane-los-angeles	photos/restaurants/pine-and-crane-los-angeles/sBzXF0nVViGONb3_dloUNw.jpg
417	pine-and-crane-los-angeles	photos/restaurants/pine-and-crane-los-angeles/u9LgpcN3JmGy4SIRPeefSg.jpg
418	pine-and-crane-los-angeles	photos/restaurants/pine-and-crane-los-angeles/z9I4TZj3KuS4Wizr9z8POA.jpg
419	pine-and-crane-los-angeles	photos/restaurants/pine-and-crane-los-angeles/zBZti5bNnQTbsZG9JrGQzQ.jpg
420	pine-and-crane-los-angeles	photos/restaurants/pine-and-crane-los-angeles/zoj0i9t5Fc0yU4KvUkkJuA.jpg
421	providence-los-angeles-2	photos/restaurants/providence-los-angeles-2/0dnAkdz8aIB0DszchNRluQ.jpg
422	providence-los-angeles-2	photos/restaurants/providence-los-angeles-2/4_K2tOd_fyQ4zlaQ83mmRA.jpg
423	providence-los-angeles-2	photos/restaurants/providence-los-angeles-2/5NeofoN5LrYGEHRFHsDjIQ.jpg
424	providence-los-angeles-2	photos/restaurants/providence-los-angeles-2/6SZNL6WALimZqi-e9EBDnQ.jpg
425	providence-los-angeles-2	photos/restaurants/providence-los-angeles-2/74jT1JFgjkagBPc9IVSX7A.jpg
426	providence-los-angeles-2	photos/restaurants/providence-los-angeles-2/86mYtyJrcHdBJUo1Uzr8ZA.jpg
427	providence-los-angeles-2	photos/restaurants/providence-los-angeles-2/8grGVA9GTeNw1zpo_63t4g.jpg
428	providence-los-angeles-2	photos/restaurants/providence-los-angeles-2/8ycKuVSfD_Avr7iCoBCHoA.jpg
429	providence-los-angeles-2	photos/restaurants/providence-los-angeles-2/CwdYejQa9yh4ymH1bdPVHA.jpg
430	providence-los-angeles-2	photos/restaurants/providence-los-angeles-2/HtSxmGcVJ3gQwSPg_uYdRw.jpg
431	providence-los-angeles-2	photos/restaurants/providence-los-angeles-2/HwFKdUWIxcZnATPx8eHdYA.jpg
432	providence-los-angeles-2	photos/restaurants/providence-los-angeles-2/Ld6DIUGulFFi2idzViUbtg.jpg
433	providence-los-angeles-2	photos/restaurants/providence-los-angeles-2/RBgEnAqFtJTDEVDCxGPpdQ.jpg
434	providence-los-angeles-2	photos/restaurants/providence-los-angeles-2/Rn21eB7q-IanIXbjJtcgLg.jpg
435	providence-los-angeles-2	photos/restaurants/providence-los-angeles-2/SEr3SYCLlkcI5SqznnDYxg.jpg
436	providence-los-angeles-2	photos/restaurants/providence-los-angeles-2/ZY-7TjID4FwF70qX_ZLchQ.jpg
437	providence-los-angeles-2	photos/restaurants/providence-los-angeles-2/_TXK4jlw6yPi8NLSSPNj_A.jpg
438	providence-los-angeles-2	photos/restaurants/providence-los-angeles-2/aqbLXxToXhOqpGMLGpQI6A.jpg
439	providence-los-angeles-2	photos/restaurants/providence-los-angeles-2/hXFMN4IO1ckCLw1Y5xd_Hg.jpg
440	providence-los-angeles-2	photos/restaurants/providence-los-angeles-2/iNuYqSE4Zvabi5f2tcMwiw.jpg
441	providence-los-angeles-2	photos/restaurants/providence-los-angeles-2/lRW8w-2e2-RVd1NB7ZH9bg.jpg
442	providence-los-angeles-2	photos/restaurants/providence-los-angeles-2/mVSuuIdgwjI3yWiJjvIT1g.jpg
443	providence-los-angeles-2	photos/restaurants/providence-los-angeles-2/n2e1WkFbvnCRCmK5LGuUUA.jpg
444	providence-los-angeles-2	photos/restaurants/providence-los-angeles-2/nBFp3JJwq0tIWSh3w4VnUw.jpg
445	providence-los-angeles-2	photos/restaurants/providence-los-angeles-2/rMF5HiU8W5_n3YaLzS52mg.jpg
446	providence-los-angeles-2	photos/restaurants/providence-los-angeles-2/rNJln0CuMGHF1gZnrglsow.jpg
447	providence-los-angeles-2	photos/restaurants/providence-los-angeles-2/st17Vbw9M_cSXGXFdHwSgg.jpg
448	providence-los-angeles-2	photos/restaurants/providence-los-angeles-2/v6igZExvNrDkyJei9TQk8A.jpg
449	providence-los-angeles-2	photos/restaurants/providence-los-angeles-2/wt8ljy3F1yZHkpkvO0JxuQ.jpg
450	providence-los-angeles-2	photos/restaurants/providence-los-angeles-2/yCbhjM5WyNQG2FvTcibvqQ.jpg
451	rockn-egg-cafe-los-angeles-3	photos/restaurants/rockn-egg-cafe-los-angeles-3/-oR2zJv4huzYvg3jko2Jyg.jpg
452	rockn-egg-cafe-los-angeles-3	photos/restaurants/rockn-egg-cafe-los-angeles-3/0QGWU8RBsn74ft5wv4Z0uQ.jpg
453	rockn-egg-cafe-los-angeles-3	photos/restaurants/rockn-egg-cafe-los-angeles-3/1PfG_ulLaI_wBP_cRbmf1w.jpg
454	rockn-egg-cafe-los-angeles-3	photos/restaurants/rockn-egg-cafe-los-angeles-3/1VdzKDE9umm95Mw63a9SGQ.jpg
455	rockn-egg-cafe-los-angeles-3	photos/restaurants/rockn-egg-cafe-los-angeles-3/49VaCZsn1OtU5J8wbXkC3w.jpg
456	rockn-egg-cafe-los-angeles-3	photos/restaurants/rockn-egg-cafe-los-angeles-3/9U4JWXyZoyZ4vnsdlC_Fvg.jpg
457	rockn-egg-cafe-los-angeles-3	photos/restaurants/rockn-egg-cafe-los-angeles-3/9VjQr6B6-aapxSDmBhHAkw.jpg
458	rockn-egg-cafe-los-angeles-3	photos/restaurants/rockn-egg-cafe-los-angeles-3/AAl1QEgBFebTOg0SHxvGUQ.jpg
459	rockn-egg-cafe-los-angeles-3	photos/restaurants/rockn-egg-cafe-los-angeles-3/BSAbNZE3NcQMr0qIwlfMdQ.jpg
460	rockn-egg-cafe-los-angeles-3	photos/restaurants/rockn-egg-cafe-los-angeles-3/DGfDnGk6eTsgapWAUY0t5g.jpg
461	rockn-egg-cafe-los-angeles-3	photos/restaurants/rockn-egg-cafe-los-angeles-3/EJ2xBiCMsw7SXyGA7EjsXA.jpg
462	rockn-egg-cafe-los-angeles-3	photos/restaurants/rockn-egg-cafe-los-angeles-3/GqOglvYEP7WsSTyh-BpYaw.jpg
463	rockn-egg-cafe-los-angeles-3	photos/restaurants/rockn-egg-cafe-los-angeles-3/HZP5grehIgEB7rH0HcNSrQ.jpg
464	rockn-egg-cafe-los-angeles-3	photos/restaurants/rockn-egg-cafe-los-angeles-3/P-vrsLxpTfXruZMKWmTuCw.jpg
465	rockn-egg-cafe-los-angeles-3	photos/restaurants/rockn-egg-cafe-los-angeles-3/R0Ttr0a_-hl-yI3JjldBwg.jpg
466	rockn-egg-cafe-los-angeles-3	photos/restaurants/rockn-egg-cafe-los-angeles-3/RoTSeIN1ggcojyVm4F29Ig.jpg
467	rockn-egg-cafe-los-angeles-3	photos/restaurants/rockn-egg-cafe-los-angeles-3/SlIWPMaMNf-LiXU9jqrBGg.jpg
468	rockn-egg-cafe-los-angeles-3	photos/restaurants/rockn-egg-cafe-los-angeles-3/UX2ATHBbwPfDQoJxMF9H4Q.jpg
469	rockn-egg-cafe-los-angeles-3	photos/restaurants/rockn-egg-cafe-los-angeles-3/X0YkXzjxuDtEdOEVS318cg.jpg
470	rockn-egg-cafe-los-angeles-3	photos/restaurants/rockn-egg-cafe-los-angeles-3/YwVMqfGN4wfW05AgmotecQ.jpg
471	rockn-egg-cafe-los-angeles-3	photos/restaurants/rockn-egg-cafe-los-angeles-3/_IoN7VEjuailMiP_e4AL5w.jpg
472	rockn-egg-cafe-los-angeles-3	photos/restaurants/rockn-egg-cafe-los-angeles-3/_qd2hGVyQp2Ct6tYaMap0w.jpg
473	rockn-egg-cafe-los-angeles-3	photos/restaurants/rockn-egg-cafe-los-angeles-3/hRUrc7nRBPOzortINUekhg.jpg
474	rockn-egg-cafe-los-angeles-3	photos/restaurants/rockn-egg-cafe-los-angeles-3/kcW-9q0qSWFPhjk9Dpzi_A.jpg
475	rockn-egg-cafe-los-angeles-3	photos/restaurants/rockn-egg-cafe-los-angeles-3/kwFPmCKXE4tOp92__1VbFw.jpg
476	rockn-egg-cafe-los-angeles-3	photos/restaurants/rockn-egg-cafe-los-angeles-3/lR3jrE1z-m5RTSHz9gjRJQ.jpg
477	rockn-egg-cafe-los-angeles-3	photos/restaurants/rockn-egg-cafe-los-angeles-3/niPtjfuYDYPEWXffpBzHeA.jpg
478	rockn-egg-cafe-los-angeles-3	photos/restaurants/rockn-egg-cafe-los-angeles-3/ougo-VC8wZcUbkK5CTVulw.jpg
479	rockn-egg-cafe-los-angeles-3	photos/restaurants/rockn-egg-cafe-los-angeles-3/v7vlqRROcpu9Knic_wWu1g.jpg
480	rockn-egg-cafe-los-angeles-3	photos/restaurants/rockn-egg-cafe-los-angeles-3/xSEXW0Dae8Fd3PN9Zw1L8g.jpg
481	république-los-angeles-2	photos/restaurants/république-los-angeles-2/6rI8BdOxChOC6uj_4ogFEQ.jpg
482	république-los-angeles-2	photos/restaurants/république-los-angeles-2/98oJSN-ftEaBK7RK2wYLOw.jpg
483	république-los-angeles-2	photos/restaurants/république-los-angeles-2/AYCoXcsEVeWsIGPVRFBnVA.jpg
484	république-los-angeles-2	photos/restaurants/république-los-angeles-2/ApDC2_XX33XEpQdYS_Hc2A.jpg
485	république-los-angeles-2	photos/restaurants/république-los-angeles-2/CkBJEtFXL2vTqc8AJulMeg.jpg
486	république-los-angeles-2	photos/restaurants/république-los-angeles-2/CyfITotpyUG9GVyET750Xg.jpg
487	république-los-angeles-2	photos/restaurants/république-los-angeles-2/GL2o7oYF11xI7ai_FmbCtg.jpg
488	république-los-angeles-2	photos/restaurants/république-los-angeles-2/Hjg3HYjz6x_V8jHsiJBV2g.jpg
489	république-los-angeles-2	photos/restaurants/république-los-angeles-2/MO18VmgbjQLMXzmucvPtiQ.jpg
490	république-los-angeles-2	photos/restaurants/république-los-angeles-2/Pns0bydKRqybM9paMyPNkw.jpg
491	république-los-angeles-2	photos/restaurants/république-los-angeles-2/S2EwnsC_2nJp4tHeIhh0jg.jpg
492	république-los-angeles-2	photos/restaurants/république-los-angeles-2/TZJzdMsLNAg-ekOjI-6aZA.jpg
493	république-los-angeles-2	photos/restaurants/république-los-angeles-2/UWDQixYSeXqPq_MG69qNJg.jpg
494	république-los-angeles-2	photos/restaurants/république-los-angeles-2/UadwDQt5ZgHTRBXF2srQXQ.jpg
495	république-los-angeles-2	photos/restaurants/république-los-angeles-2/VFbInk1YtDHN0hyst_lYtQ.jpg
496	république-los-angeles-2	photos/restaurants/république-los-angeles-2/WqqJE7censPa3n3J48nESA.jpg
497	république-los-angeles-2	photos/restaurants/république-los-angeles-2/ZFgbK0EvdQLxZVUSgAAMuw.jpg
498	république-los-angeles-2	photos/restaurants/république-los-angeles-2/ZQDdZ2ylQvlyfqUBhxg7TA.jpg
499	république-los-angeles-2	photos/restaurants/république-los-angeles-2/bRGAAftlwmbQDZ9V2p1-xg.jpg
500	république-los-angeles-2	photos/restaurants/république-los-angeles-2/d-K02GN4SH9Z5YtHEgcTwg.jpg
501	république-los-angeles-2	photos/restaurants/république-los-angeles-2/fWxaqroBorav0WomhLKx2g.jpg
502	république-los-angeles-2	photos/restaurants/république-los-angeles-2/ht_pa-Z3djCzoy8_M030Tg.jpg
503	république-los-angeles-2	photos/restaurants/république-los-angeles-2/irrtQ2VntPSwowsnuJLVfA.jpg
504	république-los-angeles-2	photos/restaurants/république-los-angeles-2/jN_-LJFO6jU7lOQH6U2Ajg.jpg
505	république-los-angeles-2	photos/restaurants/république-los-angeles-2/obwaCy0vGIGSI9gai8n0Bg.jpg
506	république-los-angeles-2	photos/restaurants/république-los-angeles-2/u5UxhGdb-QTcXj8hnZC3tA.jpg
507	république-los-angeles-2	photos/restaurants/république-los-angeles-2/ulr2ZFdyxjOItL0-RomEhg.jpg
508	république-los-angeles-2	photos/restaurants/république-los-angeles-2/xUE4XBtt2iU68s3hv1hXGw.jpg
509	république-los-angeles-2	photos/restaurants/république-los-angeles-2/xzCY53u-SHqhypu2tw2gaA.jpg
510	république-los-angeles-2	photos/restaurants/république-los-angeles-2/zA5GzHAqrQ7bEMAjDsWRqg.jpg
511	slurpin-ramen-bar-los-angeles	photos/restaurants/slurpin-ramen-bar-los-angeles/4NfJFNXQdQInTzj3gX2RIA.jpg
512	slurpin-ramen-bar-los-angeles	photos/restaurants/slurpin-ramen-bar-los-angeles/6PF5mslQmWvBpbkoGLiAXQ.jpg
513	slurpin-ramen-bar-los-angeles	photos/restaurants/slurpin-ramen-bar-los-angeles/8YokUnfcVr5iMhQ5Y_dolw.jpg
514	slurpin-ramen-bar-los-angeles	photos/restaurants/slurpin-ramen-bar-los-angeles/CNcC8f5pL_F2_qBX445QfQ.jpg
515	slurpin-ramen-bar-los-angeles	photos/restaurants/slurpin-ramen-bar-los-angeles/Dd8c_ii7LWb9Io7HeccRsg.jpg
516	slurpin-ramen-bar-los-angeles	photos/restaurants/slurpin-ramen-bar-los-angeles/E5oWD8jLjT090tJfm5kBXA.jpg
517	slurpin-ramen-bar-los-angeles	photos/restaurants/slurpin-ramen-bar-los-angeles/EwjhQKtSCh-547YsQFllPA.jpg
518	slurpin-ramen-bar-los-angeles	photos/restaurants/slurpin-ramen-bar-los-angeles/GoJr0iRYRSSTsF5ChXc-aQ.jpg
519	slurpin-ramen-bar-los-angeles	photos/restaurants/slurpin-ramen-bar-los-angeles/KiwqqkGR3aX3BKrDELXV2w.jpg
520	slurpin-ramen-bar-los-angeles	photos/restaurants/slurpin-ramen-bar-los-angeles/LMsMd4qMPhuQATXvWQOWzw.jpg
521	slurpin-ramen-bar-los-angeles	photos/restaurants/slurpin-ramen-bar-los-angeles/P_dsiUEm3YBsSFuAIaIsEA.jpg
522	slurpin-ramen-bar-los-angeles	photos/restaurants/slurpin-ramen-bar-los-angeles/QMzIGUKmLeyRFsofdZWzXQ.jpg
523	slurpin-ramen-bar-los-angeles	photos/restaurants/slurpin-ramen-bar-los-angeles/RdLAqtzfLYvPNFvwvprrJg.jpg
524	slurpin-ramen-bar-los-angeles	photos/restaurants/slurpin-ramen-bar-los-angeles/S9hhaXjg5uvKtnB06sLaBQ.jpg
525	slurpin-ramen-bar-los-angeles	photos/restaurants/slurpin-ramen-bar-los-angeles/WVRrQkNGjWdKq2Lzy5298w.jpg
526	slurpin-ramen-bar-los-angeles	photos/restaurants/slurpin-ramen-bar-los-angeles/_SlZj0fiHNbkyANwwvZtDg.jpg
527	slurpin-ramen-bar-los-angeles	photos/restaurants/slurpin-ramen-bar-los-angeles/_uL1j4ZQgtx_uoS2CpDO_w.jpg
528	slurpin-ramen-bar-los-angeles	photos/restaurants/slurpin-ramen-bar-los-angeles/chxEnBjLUi9AKBvAaKPI-w.jpg
529	slurpin-ramen-bar-los-angeles	photos/restaurants/slurpin-ramen-bar-los-angeles/dH-w9Ms-tEdpZtqSpLCdrA.jpg
530	slurpin-ramen-bar-los-angeles	photos/restaurants/slurpin-ramen-bar-los-angeles/daMWd6ZazbX52bAMzu3V6A.jpg
531	slurpin-ramen-bar-los-angeles	photos/restaurants/slurpin-ramen-bar-los-angeles/e7eQd4veQEEZFA8y5wxz7A.jpg
532	slurpin-ramen-bar-los-angeles	photos/restaurants/slurpin-ramen-bar-los-angeles/kyF0hdHwvyKdSmaAHmT6jA.jpg
533	slurpin-ramen-bar-los-angeles	photos/restaurants/slurpin-ramen-bar-los-angeles/lz2Ea0HdhbjoAiJ-iEuYCA.jpg
534	slurpin-ramen-bar-los-angeles	photos/restaurants/slurpin-ramen-bar-los-angeles/mMCz00a1c7qhVD5JptVA0g.jpg
535	slurpin-ramen-bar-los-angeles	photos/restaurants/slurpin-ramen-bar-los-angeles/p2Md905NX86CuiLa6nIAFg.jpg
536	slurpin-ramen-bar-los-angeles	photos/restaurants/slurpin-ramen-bar-los-angeles/sQMBHPw0dCKXOyFOKgV8Ew.jpg
537	slurpin-ramen-bar-los-angeles	photos/restaurants/slurpin-ramen-bar-los-angeles/uYz1f6URdyf32DFhTCH1Hw.jpg
538	slurpin-ramen-bar-los-angeles	photos/restaurants/slurpin-ramen-bar-los-angeles/vplFL9efP2zWfpCI2-hMTg.jpg
539	slurpin-ramen-bar-los-angeles	photos/restaurants/slurpin-ramen-bar-los-angeles/yRqczGlcX3PfkdkaTg01uA.jpg
540	slurpin-ramen-bar-los-angeles	photos/restaurants/slurpin-ramen-bar-los-angeles/zSBjxNwnfwg6N-Xw0mtMVg.jpg
541	the-morrison-los-angeles	photos/restaurants/the-morrison-los-angeles/-8LtOXS17_EWxbdkpOmY6g.jpg
542	the-morrison-los-angeles	photos/restaurants/the-morrison-los-angeles/0J37zqRKZzpKzmyixAQSCQ.jpg
543	the-morrison-los-angeles	photos/restaurants/the-morrison-los-angeles/41jf-3Vh4uY2nwmKd25jcA.jpg
544	the-morrison-los-angeles	photos/restaurants/the-morrison-los-angeles/7kMYH5DwvEerx5gPY6kvVA.jpg
545	the-morrison-los-angeles	photos/restaurants/the-morrison-los-angeles/C_hx3DKZAGvIqYhSO2bJrA.jpg
546	the-morrison-los-angeles	photos/restaurants/the-morrison-los-angeles/D2-ZMWYk9bYY0vxYxdonfw.jpg
547	the-morrison-los-angeles	photos/restaurants/the-morrison-los-angeles/F72LKBcaEJX8ZE43_DxcZg.jpg
548	the-morrison-los-angeles	photos/restaurants/the-morrison-los-angeles/GlEZja3f4kZJfsaye5RVDg.jpg
549	the-morrison-los-angeles	photos/restaurants/the-morrison-los-angeles/KmnHn_sknvPNKTljLjYQQw.jpg
550	the-morrison-los-angeles	photos/restaurants/the-morrison-los-angeles/LuS1ePW75ovjRsjVHbDbIA.jpg
551	the-morrison-los-angeles	photos/restaurants/the-morrison-los-angeles/Neq06A-G4-58auuD8Piglw.jpg
552	the-morrison-los-angeles	photos/restaurants/the-morrison-los-angeles/NmfziyW8mX445Rb67N5SyA.jpg
553	the-morrison-los-angeles	photos/restaurants/the-morrison-los-angeles/RsJsaS-PgJ7z2eFwVbWHMg.jpg
554	the-morrison-los-angeles	photos/restaurants/the-morrison-los-angeles/TfGa40_x63rsJPH3DAfY2w.jpg
555	the-morrison-los-angeles	photos/restaurants/the-morrison-los-angeles/WZjyBsq32rz8Y_3o4G6blA.jpg
556	the-morrison-los-angeles	photos/restaurants/the-morrison-los-angeles/aepGoNYCzkua9R7HwFs8PQ.jpg
557	the-morrison-los-angeles	photos/restaurants/the-morrison-los-angeles/bsV8if0HWizRe5Y4-eeikw.jpg
558	the-morrison-los-angeles	photos/restaurants/the-morrison-los-angeles/e8VjjP4NvP9mh1RB0BTOpA.jpg
559	the-morrison-los-angeles	photos/restaurants/the-morrison-los-angeles/f2-73P95gY0pAVQWP6zh_w.jpg
560	the-morrison-los-angeles	photos/restaurants/the-morrison-los-angeles/fNFdhU_I6Iw7J1jM5nVmAw.jpg
561	the-morrison-los-angeles	photos/restaurants/the-morrison-los-angeles/fRmlIusm_7UZ9HvBwVDk5A.jpg
562	the-morrison-los-angeles	photos/restaurants/the-morrison-los-angeles/gzRGqdV_wu5uV77mwwQmCw.jpg
563	the-morrison-los-angeles	photos/restaurants/the-morrison-los-angeles/in8cOGinkw-Tm0SLXnzscQ.jpg
564	the-morrison-los-angeles	photos/restaurants/the-morrison-los-angeles/kEE2wrc1H2Bq98VblKEsdw.jpg
565	the-morrison-los-angeles	photos/restaurants/the-morrison-los-angeles/mnd3gUcuembdg-jKK0UWeQ.jpg
566	the-morrison-los-angeles	photos/restaurants/the-morrison-los-angeles/oXII1bK1nSy_lsBemNm6mg.jpg
567	the-morrison-los-angeles	photos/restaurants/the-morrison-los-angeles/owaZdGmQNnk65-gCwqZB5w.jpg
568	the-morrison-los-angeles	photos/restaurants/the-morrison-los-angeles/rSDJYD7foVFKvk0Dy6SzzQ.jpg
569	the-morrison-los-angeles	photos/restaurants/the-morrison-los-angeles/spzRWhEvQrpKRTV7-BqzZg.jpg
570	the-morrison-los-angeles	photos/restaurants/the-morrison-los-angeles/yRVsycB20g_mvNJoq7lKQg.jpg
571	the-parker-room-los-angeles	photos/restaurants/the-parker-room-los-angeles/9vHKvmFZC8NsY6ls_g-_Rg.jpg
572	the-parker-room-los-angeles	photos/restaurants/the-parker-room-los-angeles/C2herLsUIx529W6W9HpQNA.jpg
573	the-parker-room-los-angeles	photos/restaurants/the-parker-room-los-angeles/Ccurxij9ytN30sdVeFZF8g.jpg
574	the-parker-room-los-angeles	photos/restaurants/the-parker-room-los-angeles/D5rmwRq3SE_WfGY5gj2g7w.jpg
575	the-parker-room-los-angeles	photos/restaurants/the-parker-room-los-angeles/RxkBz1Q6ERzYErbducTWjA.jpg
576	the-parker-room-los-angeles	photos/restaurants/the-parker-room-los-angeles/V7s71VuOtqqpTP8gnpVCgA.jpg
577	the-parker-room-los-angeles	photos/restaurants/the-parker-room-los-angeles/WhjDUmwFbTXqD-n4Hkli4Q.jpg
578	the-parker-room-los-angeles	photos/restaurants/the-parker-room-los-angeles/YX4JyS0GAsG7vvrNHRXbKw.jpg
579	the-parker-room-los-angeles	photos/restaurants/the-parker-room-los-angeles/_O2yJcxI__UMq0CtG70mqA.jpg
580	the-parker-room-los-angeles	photos/restaurants/the-parker-room-los-angeles/fLY7ge2wMvG26DXnNlT1ig.jpg
581	the-parker-room-los-angeles	photos/restaurants/the-parker-room-los-angeles/fdpSD5ZgbWmfAxOVCVXDxw.jpg
582	the-parker-room-los-angeles	photos/restaurants/the-parker-room-los-angeles/gp1QrfJ-xFGgl1iPZ9nKIw.jpg
583	the-parker-room-los-angeles	photos/restaurants/the-parker-room-los-angeles/hqW-LN-v74FDhVUn8l3Vog.jpg
584	the-parker-room-los-angeles	photos/restaurants/the-parker-room-los-angeles/j6ekAi7xF4gLexAjqf1jzQ.jpg
585	the-parker-room-los-angeles	photos/restaurants/the-parker-room-los-angeles/mmasYPyqx_ghQ8ABs5ROTw.jpg
586	the-parker-room-los-angeles	photos/restaurants/the-parker-room-los-angeles/nvjoYwYMGflThXSyCa-p8A.jpg
587	the-parker-room-los-angeles	photos/restaurants/the-parker-room-los-angeles/qgdUkfsoJG3k046Cqjzg5g.jpg
588	the-parker-room-los-angeles	photos/restaurants/the-parker-room-los-angeles/rKOQkUzfoftNagMus7zdPA.jpg
589	the-parker-room-los-angeles	photos/restaurants/the-parker-room-los-angeles/v-qtN2Dqzliiv5TFOrI3_g.jpg
